// Vitest Snapshot v1

exports[`Alert component > snapshot 1`] = `
{
  "foo": "bar",
}
`;

exports[`Alert component test suite > snapshot 1`] = `
{
  "foo": "bar",
}
`;

exports[`mount component 1`] = `
"<div class=\\"alert--info alert\\" role=\\"alert\\" data-v-6496ec35=\\"\\"><svg class=\\"w-5 h-5 inline mr-3\\" fill=\\"currentColor\\" viewBox=\\"0 0 20 20\\" xmlns=\\"http://www.w3.org/2000/svg\\" data-v-6496ec35=\\"\\">
    <path fill-rule=\\"evenodd\\" d=\\"M18 10a8 8 0 11-16 0 8 8 0 0116 0zm-7-4a1 1 0 11-2 0 1 1 0 012 0zM9 9a1 1 0 000 2v3a1 1 0 001 1h1a1 1 0 100-2v-3a1 1 0 00-1-1H9z\\" clip-rule=\\"evenodd\\" data-v-6496ec35=\\"\\"></path>
  </svg>
  <div data-v-6496ec35=\\"\\">Alert message</div>
</div>"
`;
