// Vitest Snapshot v1

exports[`suite name > snapshot 1`] = `
{
  "foo": "bar",
}
`;

exports[`user-list composable > snapshot 1`] = `
{
  "foo": "bar",
}
`;
